Test data for quantum smoothing